
> portfolio@0.0.0 start
> ng serve --host 127.0.0.1 --port 4200

[33m>[39m Building...
[32m√[39m Building...
[35mBrowser bundles[39m     
[1mInitial chunk files[22m [2m | [22m[1mNames[22m           [2m | [22m [1mRaw size[22m
[32mstyles.css[39m          [2m | [22m[2mstyles[22m          [2m | [22m[36m251.03 kB[39m[2m | [22m
[32mmain.js[39m             [2m | [22m[2mmain[22m            [2m | [22m[36m119.31 kB[39m[2m | [22m

[1m [22m                   [2m | [22m[1mInitial total[22m   [2m | [22m[1m370.34 kB[22m


[35mServer bundles[39m      
[1mInitial chunk files[22m [2m | [22m[1mNames[22m           [2m | [22m [1mRaw size[22m
[32mmain.server.mjs[39m     [2m | [22m[2mmain.server[22m     [2m | [22m[36m120.63 kB[39m[2m | [22m
[32mserver.mjs[39m          [2m | [22m[2mserver[22m          [2m | [22m  [36m1.84 kB[39m[2m | [22m
[32mpolyfills.server.mjs[39m[2m | [22m[2mpolyfills.server[22m[2m | [22m[36m268 bytes[39m[2m | [22m

Application bundle generation complete. [1.743 seconds] - 2026-05-26T02:52:58.241Z

Watch mode enabled. Watching for file changes...
NOTE: Raw file sizes do not reflect development server per-request transformations.
[2m10:52:58 am[22m [36m[1m[vite][22m[39m [90m[2m(client)[22m[39m Re-optimizing dependencies because lockfile has changed
  [32m➜[39m  [1mLocal[22m:   [36mhttp://127.0.0.1:[1m4200[22m/[39m
[33m>[39m Changes detected. Rebuilding...
[32m√[39m Changes detected. Rebuilding...
[35mBrowser bundles[39m    
[1mInitial chunk files[22m[2m | [22m[1mNames[22m      [2m | [22m [1mRaw size[22m
[32mmain.js[39m            [2m | [22m[2mmain[22m       [2m | [22m[36m119.36 kB[39m[2m | [22m


[35mServer bundles[39m     
[1mInitial chunk files[22m[2m | [22m[1mNames[22m      [2m | [22m [1mRaw size[22m
[32mmain.server.mjs[39m    [2m | [22m[2mmain.server[22m[2m | [22m[36m120.68 kB[39m[2m | [22m

Application bundle generation complete. [0.381 seconds] - 2026-05-26T02:53:38.773Z

Page reload sent to client(s).
[33m>[39m Changes detected. Rebuilding...
[32m√[39m Changes detected. Rebuilding...
[35mBrowser bundles[39m    
[1mInitial chunk files[22m[2m | [22m[1mNames[22m      [2m | [22m [1mRaw size[22m
[32mmain.js[39m            [2m | [22m[2mmain[22m       [2m | [22m[36m119.40 kB[39m[2m | [22m


[35mServer bundles[39m     
[1mInitial chunk files[22m[2m | [22m[1mNames[22m      [2m | [22m [1mRaw size[22m
[32mmain.server.mjs[39m    [2m | [22m[2mmain.server[22m[2m | [22m[36m120.72 kB[39m[2m | [22m

Application bundle generation complete. [0.266 seconds] - 2026-05-26T02:54:05.122Z

Page reload sent to client(s).
[33m>[39m Changes detected. Rebuilding...
[32m√[39m Changes detected. Rebuilding...
[35mBrowser bundles[39m    
[1mInitial chunk files[22m[2m | [22m[1mNames[22m      [2m | [22m [1mRaw size[22m
[32mmain.js[39m            [2m | [22m[2mmain[22m       [2m | [22m[36m119.34 kB[39m[2m | [22m


[35mServer bundles[39m     
[1mInitial chunk files[22m[2m | [22m[1mNames[22m      [2m | [22m [1mRaw size[22m
[32mmain.server.mjs[39m    [2m | [22m[2mmain.server[22m[2m | [22m[36m120.66 kB[39m[2m | [22m

Application bundle generation complete. [0.221 seconds] - 2026-05-26T02:55:27.815Z

Component update sent to client(s).
[33m>[39m Changes detected. Rebuilding...
[32m√[39m Changes detected. Rebuilding...
[35mBrowser bundles[39m    
[1mInitial chunk files[22m[2m | [22m[1mNames[22m      [2m | [22m [1mRaw size[22m
[32mmain.js[39m            [2m | [22m[2mmain[22m       [2m | [22m[36m119.40 kB[39m[2m | [22m


[35mServer bundles[39m     
[1mInitial chunk files[22m[2m | [22m[1mNames[22m      [2m | [22m [1mRaw size[22m
[32mmain.server.mjs[39m    [2m | [22m[2mmain.server[22m[2m | [22m[36m120.71 kB[39m[2m | [22m

Application bundle generation complete. [0.504 seconds] - 2026-05-26T03:03:00.564Z

Page reload sent to client(s).
[33m>[39m Changes detected. Rebuilding...
[32m√[39m Changes detected. Rebuilding...
[35mBrowser bundles[39m     
[1mInitial chunk files[22m [2m | [22m[1mNames[22m           [2m | [22m [1mRaw size[22m
[32mstyles.css[39m          [2m | [22m[2mstyles[22m          [2m | [22m[36m251.03 kB[39m[2m | [22m
[32mmain.js[39m             [2m | [22m[2mmain[22m            [2m | [22m[36m119.40 kB[39m[2m | [22m

[1m [22m                   [2m | [22m[1mInitial total[22m   [2m | [22m[1m370.43 kB[22m


[35mServer bundles[39m      
[1mInitial chunk files[22m [2m | [22m[1mNames[22m           [2m | [22m [1mRaw size[22m
[32mmain.server.mjs[39m     [2m | [22m[2mmain.server[22m     [2m | [22m[36m120.71 kB[39m[2m | [22m
[32mserver.mjs[39m          [2m | [22m[2mserver[22m          [2m | [22m  [36m1.84 kB[39m[2m | [22m
[32mpolyfills.server.mjs[39m[2m | [22m[2mpolyfills.server[22m[2m | [22m[36m268 bytes[39m[2m | [22m

Application bundle generation complete. [0.005 seconds] - 2026-05-26T03:04:37.280Z

Page reload sent to client(s).
[33m>[39m Changes detected. Rebuilding...
[32m√[39m Changes detected. Rebuilding...
[35mBrowser bundles[39m     
[1mInitial chunk files[22m [2m | [22m[1mNames[22m           [2m | [22m [1mRaw size[22m
[32mstyles.css[39m          [2m | [22m[2mstyles[22m          [2m | [22m[36m251.03 kB[39m[2m | [22m
[32mmain.js[39m             [2m | [22m[2mmain[22m            [2m | [22m[36m119.40 kB[39m[2m | [22m

[1m [22m                   [2m | [22m[1mInitial total[22m   [2m | [22m[1m370.43 kB[22m


[35mServer bundles[39m      
[1mInitial chunk files[22m [2m | [22m[1mNames[22m           [2m | [22m [1mRaw size[22m
[32mmain.server.mjs[39m     [2m | [22m[2mmain.server[22m     [2m | [22m[36m120.71 kB[39m[2m | [22m
[32mserver.mjs[39m          [2m | [22m[2mserver[22m          [2m | [22m  [36m1.84 kB[39m[2m | [22m
[32mpolyfills.server.mjs[39m[2m | [22m[2mpolyfills.server[22m[2m | [22m[36m268 bytes[39m[2m | [22m

Application bundle generation complete. [0.005 seconds] - 2026-05-26T03:04:39.792Z

Page reload sent to client(s).
[33m>[39m Changes detected. Rebuilding...
[32m√[39m Changes detected. Rebuilding...
[35mBrowser bundles[39m     
[1mInitial chunk files[22m [2m | [22m[1mNames[22m           [2m | [22m [1mRaw size[22m
[32mstyles.css[39m          [2m | [22m[2mstyles[22m          [2m | [22m[36m251.03 kB[39m[2m | [22m
[32mmain.js[39m             [2m | [22m[2mmain[22m            [2m | [22m[36m119.40 kB[39m[2m | [22m

[1m [22m                   [2m | [22m[1mInitial total[22m   [2m | [22m[1m370.43 kB[22m


[35mServer bundles[39m      
[1mInitial chunk files[22m [2m | [22m[1mNames[22m           [2m | [22m [1mRaw size[22m
[32mmain.server.mjs[39m     [2m | [22m[2mmain.server[22m     [2m | [22m[36m120.71 kB[39m[2m | [22m
[32mserver.mjs[39m          [2m | [22m[2mserver[22m          [2m | [22m  [36m1.84 kB[39m[2m | [22m
[32mpolyfills.server.mjs[39m[2m | [22m[2mpolyfills.server[22m[2m | [22m[36m268 bytes[39m[2m | [22m

Application bundle generation complete. [0.005 seconds] - 2026-05-26T03:04:41.178Z

[33m>[39m Changes detected. Rebuilding...
[32m√[39m Changes detected. Rebuilding...
[35mBrowser bundles[39m    
[1mInitial chunk files[22m[2m | [22m[1mNames[22m      [2m | [22m [1mRaw size[22m
[32mmain.js[39m            [2m | [22m[2mmain[22m       [2m | [22m[36m119.41 kB[39m[2m | [22m


[35mServer bundles[39m     
[1mInitial chunk files[22m[2m | [22m[1mNames[22m      [2m | [22m [1mRaw size[22m
[32mmain.server.mjs[39m    [2m | [22m[2mmain.server[22m[2m | [22m[36m120.72 kB[39m[2m | [22m

Application bundle generation complete. [0.383 seconds] - 2026-05-26T03:05:19.004Z

Component update sent to client(s).
[33m>[39m Changes detected. Rebuilding...
[32m√[39m Changes detected. Rebuilding...
[35mBrowser bundles[39m    
[1mInitial chunk files[22m[2m | [22m[1mNames[22m      [2m | [22m [1mRaw size[22m
[32mmain.js[39m            [2m | [22m[2mmain[22m       [2m | [22m[36m119.41 kB[39m[2m | [22m


[35mServer bundles[39m     
[1mInitial chunk files[22m[2m | [22m[1mNames[22m      [2m | [22m [1mRaw size[22m
[32mmain.server.mjs[39m    [2m | [22m[2mmain.server[22m[2m | [22m[36m120.72 kB[39m[2m | [22m

Application bundle generation complete. [0.164 seconds] - 2026-05-26T03:06:35.933Z

Page reload sent to client(s).
[33m>[39m Changes detected. Rebuilding...
[32m√[39m Changes detected. Rebuilding...
[35mBrowser bundles[39m     
[1mInitial chunk files[22m [2m | [22m[1mNames[22m           [2m | [22m [1mRaw size[22m
[32mstyles.css[39m          [2m | [22m[2mstyles[22m          [2m | [22m[36m251.03 kB[39m[2m | [22m
[32mmain.js[39m             [2m | [22m[2mmain[22m            [2m | [22m[36m119.41 kB[39m[2m | [22m

[1m [22m                   [2m | [22m[1mInitial total[22m   [2m | [22m[1m370.44 kB[22m


[35mServer bundles[39m      
[1mInitial chunk files[22m [2m | [22m[1mNames[22m           [2m | [22m [1mRaw size[22m
[32mmain.server.mjs[39m     [2m | [22m[2mmain.server[22m     [2m | [22m[36m120.72 kB[39m[2m | [22m
[32mserver.mjs[39m          [2m | [22m[2mserver[22m          [2m | [22m  [36m1.84 kB[39m[2m | [22m
[32mpolyfills.server.mjs[39m[2m | [22m[2mpolyfills.server[22m[2m | [22m[36m268 bytes[39m[2m | [22m

Application bundle generation complete. [0.092 seconds] - 2026-05-26T03:06:39.238Z

[33m>[39m Changes detected. Rebuilding...
[32m√[39m Changes detected. Rebuilding...
[35mBrowser bundles[39m    
[1mInitial chunk files[22m[2m | [22m[1mNames[22m      [2m | [22m [1mRaw size[22m
[32mmain.js[39m            [2m | [22m[2mmain[22m       [2m | [22m[36m120.18 kB[39m[2m | [22m


[35mServer bundles[39m     
[1mInitial chunk files[22m[2m | [22m[1mNames[22m      [2m | [22m [1mRaw size[22m
[32mmain.server.mjs[39m    [2m | [22m[2mmain.server[22m[2m | [22m[36m121.49 kB[39m[2m | [22m

Application bundle generation complete. [0.143 seconds] - 2026-05-26T03:06:42.550Z

Page reload sent to client(s).
[33m>[39m Changes detected. Rebuilding...
[32m√[39m Changes detected. Rebuilding...
[35mBrowser bundles[39m    
[1mInitial chunk files[22m[2m | [22m[1mNames[22m      [2m | [22m [1mRaw size[22m
[32mmain.js[39m            [2m | [22m[2mmain[22m       [2m | [22m[36m120.19 kB[39m[2m | [22m


[35mServer bundles[39m     
[1mInitial chunk files[22m[2m | [22m[1mNames[22m      [2m | [22m [1mRaw size[22m
[32mmain.server.mjs[39m    [2m | [22m[2mmain.server[22m[2m | [22m[36m121.51 kB[39m[2m | [22m

Application bundle generation complete. [0.153 seconds] - 2026-05-26T03:06:46.956Z

Page reload sent to client(s).
[33m>[39m Changes detected. Rebuilding...
[32m√[39m Changes detected. Rebuilding...
[35mBrowser bundles[39m    
[1mInitial chunk files[22m[2m | [22m[1mNames[22m      [2m | [22m [1mRaw size[22m
[32mmain.js[39m            [2m | [22m[2mmain[22m       [2m | [22m[36m120.19 kB[39m[2m | [22m


[35mServer bundles[39m     
[1mInitial chunk files[22m[2m | [22m[1mNames[22m      [2m | [22m [1mRaw size[22m
[32mmain.server.mjs[39m    [2m | [22m[2mmain.server[22m[2m | [22m[36m121.51 kB[39m[2m | [22m

Application bundle generation complete. [0.126 seconds] - 2026-05-26T03:06:54.871Z

Page reload sent to client(s).
[33m>[39m Changes detected. Rebuilding...
[32m√[39m Changes detected. Rebuilding...
[35mBrowser bundles[39m    
[1mInitial chunk files[22m[2m | [22m[1mNames[22m      [2m | [22m [1mRaw size[22m
[32mmain.js[39m            [2m | [22m[2mmain[22m       [2m | [22m[36m120.58 kB[39m[2m | [22m


[35mServer bundles[39m     
[1mInitial chunk files[22m[2m | [22m[1mNames[22m      [2m | [22m [1mRaw size[22m
[32mmain.server.mjs[39m    [2m | [22m[2mmain.server[22m[2m | [22m[36m121.90 kB[39m[2m | [22m

Application bundle generation complete. [0.151 seconds] - 2026-05-26T03:07:31.681Z

Component update sent to client(s).
[33m>[39m Changes detected. Rebuilding...
[32m√[39m Changes detected. Rebuilding...
[35mBrowser bundles[39m    
[1mInitial chunk files[22m[2m | [22m[1mNames[22m      [2m | [22m [1mRaw size[22m
[32mmain.js[39m            [2m | [22m[2mmain[22m       [2m | [22m[36m120.59 kB[39m[2m | [22m


[35mServer bundles[39m     
[1mInitial chunk files[22m[2m | [22m[1mNames[22m      [2m | [22m [1mRaw size[22m
[32mmain.server.mjs[39m    [2m | [22m[2mmain.server[22m[2m | [22m[36m121.91 kB[39m[2m | [22m

Application bundle generation complete. [0.166 seconds] - 2026-05-26T03:07:36.762Z

Page reload sent to client(s).
